---
source: qtbridge/qt_gen/tests/src/qobject_iface_tests.rs
expression: formatted
---
mod some_module {
    #[derive(Default)]
    struct SomeStruct {}
    impl SomeStruct {
        fn set_data(&mut self, index: &QModelIndex, value: &QVariant, role: i32) -> bool {
            false
        }
        fn data(&self, index: &QModelIndex, role: i32) -> QVariant {}
        fn row_count(&self, parent: &QModelIndex) -> i32 {
            1
        }
    }
    impl qtbridge::qt_ifaces::qabstract_list_model::QAbstractListModelBase for SomeStruct {}
    impl qtbridge::qt_ifaces::qabstract_list_model::QAbstractListModelProxyGet for SomeStruct {
        fn get_rust_proxy(
            &self,
        ) -> &qtbridge::qt_ifaces::qabstract_list_model::QAbstractListModelProxyRust {
            <Self as qtbridge::bridge::QObjectHolder>::get_rust_proxy(self)
        }
        fn get_rust_proxy_mut(
            &self,
        ) -> &mut qtbridge::qt_ifaces::qabstract_list_model::QAbstractListModelProxyRust {
            <Self as qtbridge::bridge::QObjectHolder>::get_rust_proxy_mut(self)
        }
        fn get_trait(
            &self,
        ) -> &dyn qtbridge::qt_ifaces::qabstract_list_model::QAbstractListModelAdapter {
            self
        }
        fn get_trait_mut(
            &mut self,
        ) -> &mut dyn qtbridge::qt_ifaces::qabstract_list_model::QAbstractListModelAdapter {
            self
        }
    }
    impl Drop for SomeStruct {
        fn drop(&mut self) {
            <Self as qtbridge::bridge::QObjectHolder>::detach_qobject(self);
        }
    }
    impl qtbridge::bridge::QMetaInfo for SomeStruct {
        fn register_meta(
            mut meta_obj: std::pin::Pin<&mut qtbridge::bridge::DynamicMetaObjectBuilder>,
        ) {
            meta_obj.as_mut().end_meta_registration();
        }
        fn get_static_meta_object() -> &'static qtbridge::qt_type_lib::QMetaObject {
            <Self as qtbridge::bridge::QObjectHolder>::get_static_meta_object()
        }
        fn get_shared_dynamic_meta_object() -> &'static qtbridge::bridge::DynamicMetaObjectBuilder {
            use std::sync::OnceLock;
            thread_local! { static DYNAMIC_META_OBJECT : OnceLock < & 'static qtbridge :: bridge :: DynamicMetaObjectBuilder > = OnceLock :: new () ; }
            DYNAMIC_META_OBJECT.with(|cell| {
                *cell.get_or_init(|| {
                    let ptr = Self::create_dynamic_meta_object_builder_for_type();
                    unsafe { ptr.as_ref() }.unwrap()
                })
            })
        }
    }
    impl qtbridge::qt_type_lib::QMetaTypeGet for SomeStruct {
        fn get_qmetatype() -> qtbridge::qt_type_lib::QMetaType {
            use std::sync::OnceLock;
            static META_TYPE_INTERFACE: OnceLock<qtbridge::qt_type_lib::QMetaTypeInterface> =
                OnceLock::new();
            let iface = META_TYPE_INTERFACE
                .get_or_init(qtbridge::bridge::qmetatypeforqobject::init_interface_for::<Self>);
            qtbridge::qt_type_lib::QMetaType::new_with_interface(iface as *const _)
        }
    }
    impl qtbridge::bridge::QObjectHolder for SomeStruct {
        type ProxyRust = qtbridge::qt_ifaces::qabstract_list_model::QAbstractListModelProxyRust;
        fn try_borrow_mut_proxies_map<F, R>(f: F) -> R
        where
            F: FnOnce(&mut std::collections::HashMap<*const u8, *const Self::ProxyRust>) -> R,
        {
            use std::cell::BorrowMutError;
            use std::cell::RefCell;
            use std::collections::HashMap;
            thread_local ! (static INSTANCES : RefCell < HashMap < * const u8 , * const qtbridge :: qt_ifaces :: qabstract_list_model :: QAbstractListModelProxyRust > > = RefCell :: new (HashMap :: new ()));
            INSTANCES
                .try_with(|proxies_map_cell| -> Result<R, BorrowMutError> {
                    let mut proxies_map_ref_mut = proxies_map_cell.try_borrow_mut()?;
                    Ok(f(&mut proxies_map_ref_mut))
                })
                .unwrap()
                .expect("Failed to borrow_mut map of proxies")
        }
        fn register_instance_in_map(
            rust_obj_rc: std::rc::Rc<std::cell::RefCell<Self>>,
            register_strong: bool,
        ) {
            use std::cell::RefCell;
            use std::rc::Rc;
            let key = (*rust_obj_rc).as_ptr() as *const u8;
            Self::try_borrow_mut_proxies_map(|proxies| {
                let dyn_rc: Rc<
                    RefCell<
                        dyn qtbridge::qt_ifaces::qabstract_list_model::QAbstractListModelProxyGet,
                    >,
                > = rust_obj_rc;
                let proxy_ptr = <Self::ProxyRust as qtbridge::bridge::qrustproxy::QRustProxy>::new(
                    &dyn_rc,
                    register_strong,
                    Self::unregister_instance_in_map,
                );
                proxies.insert(key, proxy_ptr);
            })
        }
        fn register_instance_in_map_with_cpp_proxy_at(
            addr: *mut u8,
            rust_obj_rc: std::rc::Rc<std::cell::RefCell<Self>>,
        ) {
            use std::cell::RefCell;
            use std::rc::Rc;
            let key = (*rust_obj_rc).as_ptr() as *const u8;
            Self::try_borrow_mut_proxies_map(|proxies| {
                let dyn_rc: Rc<
                    RefCell<
                        dyn qtbridge::qt_ifaces::qabstract_list_model::QAbstractListModelProxyGet,
                    >,
                > = rust_obj_rc;
                let proxy_ptr = < Self :: ProxyRust as qtbridge :: bridge :: qrustproxy :: QRustProxy > :: new_with_cpp_proxy_at (addr , & dyn_rc , Self :: unregister_instance_in_map) ;
                proxies.insert(key, proxy_ptr);
            })
        }
    }
}
