---
source: test/tst_qtbridge_gen_common/src/type_qualified_mapping_tests.rs
expression: actual
---
impl qtbridge::qtbridge_runtime::QObjectHolder for Backend {
    type ProxyRust = qtbridge::qtbridge_interfaces::qobject::QObjectProxyRust;
    fn as_adaptor_trait(
        rust_obj_rc: std::rc::Rc<std::cell::RefCell<Self>>,
    ) -> std::rc::Rc<
        std::cell::RefCell<
            <Self::ProxyRust as qtbridge::qtbridge_runtime::qproxies::QRustProxy>::AdapterType,
        >,
    > {
        rust_obj_rc
    }
}
